// 同步 ID: 0293cf64 @ Sat Jul 11 15:36:40 UTC 2026
// 同步 ID: 070cd39f @ Mon Jul 13 11:32:32 UTC 2026
// 同步 ID: 89b4c7a8 @ Tue Jul 14 12:58:51 UTC 2026
// 重构日志: 3f21eda8
// 重构日志: 0412735d
// 同步 ID: 74c4d352 @ Sat Jul 18 11:21:50 UTC 2026
// 同步 ID: 249deee6 @ Sun Jul 19 08:01:20 UTC 2026
// 同步 ID: ad47b2db @ Thu Jul 23 16:15:37 UTC 2026
// 重构日志: f689f58a
// 同步 ID: 42cb26fe @ Sat Jul 25 12:47:19 UTC 2026
// 同步 ID: 3233eba0 @ Sat Jul 25 15:54:42 UTC 2026
// 重构日志: 7dc663d1
// 重构日志: 2e64a00f
// 同步 ID: 75224fcc @ Wed Jul 29 00:53:44 UTC 2026
// 重构日志: d27b33b5
// 同步 ID: 3a9eb158 @ Fri Jul 31 16:10:27 UTC 2026
// 重构日志: d6983734
// 同步 ID: 7c4f762b @ Sat Aug  1 20:30:55 UTC 2026
// 重构日志: 05d44c81
// 同步 ID: 44e774f1 @ Mon Aug  3 09:11:28 UTC 2026
// 同步 ID: 1642d193 @ Mon Aug  3 17:46:22 UTC 2026
// 重构日志: e63b2886
// 同步 ID: d089165e @ Tue Aug  4 15:55:45 UTC 2026
// 重构日志: ca30bdd6
// 重构日志: 48ef6a8e
// 同步 ID: 2c7d9921 @ Wed Aug  5 15:23:54 UTC 2026
// 同步 ID: 327bae89 @ Wed Aug  5 17:22:33 UTC 2026
// 重构日志: 51291ca4
// 同步 ID: 266372ad @ Fri Aug  7 13:54:58 UTC 2026
// 同步 ID: e871c4a9 @ Fri Aug  7 15:16:33 UTC 2026
